Archive member included to satisfy reference by file (symbol)

c:/st/stm32cubeide_1.0.2/stm32cubeide/plugins/com.st.stm32cube.ide.mcu.externaltools.gnu-tools-for-stm32.7-2018-q2-update.win32_1.0.0.201904181610/tools/bin/../lib/gcc/arm-none-eabi/7.3.1/../../../../arm-none-eabi/lib/thumb/v7e-m/fpv4-sp/hard\libc_nano.a(lib_a-errno.o)
                              Src/syscalls.o (__errno)
c:/st/stm32cubeide_1.0.2/stm32cubeide/plugins/com.st.stm32cube.ide.mcu.externaltools.gnu-tools-for-stm32.7-2018-q2-update.win32_1.0.0.201904181610/tools/bin/../lib/gcc/arm-none-eabi/7.3.1/../../../../arm-none-eabi/lib/thumb/v7e-m/fpv4-sp/hard\libc_nano.a(lib_a-exit.o)
                              c:/st/stm32cubeide_1.0.2/stm32cubeide/plugins/com.st.stm32cube.ide.mcu.externaltools.gnu-tools-for-stm32.7-2018-q2-update.win32_1.0.0.201904181610/tools/bin/../lib/gcc/arm-none-eabi/7.3.1/../../../../arm-none-eabi/lib/thumb/v7e-m/fpv4-sp/hard/crt0.o (exit)
c:/st/stm32cubeide_1.0.2/stm32cubeide/plugins/com.st.stm32cube.ide.mcu.externaltools.gnu-tools-for-stm32.7-2018-q2-update.win32_1.0.0.201904181610/tools/bin/../lib/gcc/arm-none-eabi/7.3.1/../../../../arm-none-eabi/lib/thumb/v7e-m/fpv4-sp/hard\libc_nano.a(lib_a-impure.o)
                              c:/st/stm32cubeide_1.0.2/stm32cubeide/plugins/com.st.stm32cube.ide.mcu.externaltools.gnu-tools-for-stm32.7-2018-q2-update.win32_1.0.0.201904181610/tools/bin/../lib/gcc/arm-none-eabi/7.3.1/../../../../arm-none-eabi/lib/thumb/v7e-m/fpv4-sp/hard\libc_nano.a(lib_a-exit.o) (_global_impure_ptr)
c:/st/stm32cubeide_1.0.2/stm32cubeide/plugins/com.st.stm32cube.ide.mcu.externaltools.gnu-tools-for-stm32.7-2018-q2-update.win32_1.0.0.201904181610/tools/bin/../lib/gcc/arm-none-eabi/7.3.1/../../../../arm-none-eabi/lib/thumb/v7e-m/fpv4-sp/hard\libc_nano.a(lib_a-init.o)
                              c:/st/stm32cubeide_1.0.2/stm32cubeide/plugins/com.st.stm32cube.ide.mcu.externaltools.gnu-tools-for-stm32.7-2018-q2-update.win32_1.0.0.201904181610/tools/bin/../lib/gcc/arm-none-eabi/7.3.1/../../../../arm-none-eabi/lib/thumb/v7e-m/fpv4-sp/hard/crt0.o (__libc_init_array)
c:/st/stm32cubeide_1.0.2/stm32cubeide/plugins/com.st.stm32cube.ide.mcu.externaltools.gnu-tools-for-stm32.7-2018-q2-update.win32_1.0.0.201904181610/tools/bin/../lib/gcc/arm-none-eabi/7.3.1/../../../../arm-none-eabi/lib/thumb/v7e-m/fpv4-sp/hard\libc_nano.a(lib_a-memset.o)
                              c:/st/stm32cubeide_1.0.2/stm32cubeide/plugins/com.st.stm32cube.ide.mcu.externaltools.gnu-tools-for-stm32.7-2018-q2-update.win32_1.0.0.201904181610/tools/bin/../lib/gcc/arm-none-eabi/7.3.1/../../../../arm-none-eabi/lib/thumb/v7e-m/fpv4-sp/hard/crt0.o (memset)
c:/st/stm32cubeide_1.0.2/stm32cubeide/plugins/com.st.stm32cube.ide.mcu.externaltools.gnu-tools-for-stm32.7-2018-q2-update.win32_1.0.0.201904181610/tools/bin/../lib/gcc/arm-none-eabi/7.3.1/../../../../arm-none-eabi/lib/thumb/v7e-m/fpv4-sp/hard\libc_nano.a(lib_a-sprintf.o)
                              Src/lcd.o (sprintf)
c:/st/stm32cubeide_1.0.2/stm32cubeide/plugins/com.st.stm32cube.ide.mcu.externaltools.gnu-tools-for-stm32.7-2018-q2-update.win32_1.0.0.201904181610/tools/bin/../lib/gcc/arm-none-eabi/7.3.1/../../../../arm-none-eabi/lib/thumb/v7e-m/fpv4-sp/hard\libc_nano.a(lib_a-nano-svfprintf.o)
                              c:/st/stm32cubeide_1.0.2/stm32cubeide/plugins/com.st.stm32cube.ide.mcu.externaltools.gnu-tools-for-stm32.7-2018-q2-update.win32_1.0.0.201904181610/tools/bin/../lib/gcc/arm-none-eabi/7.3.1/../../../../arm-none-eabi/lib/thumb/v7e-m/fpv4-sp/hard\libc_nano.a(lib_a-sprintf.o) (_svfprintf_r)
c:/st/stm32cubeide_1.0.2/stm32cubeide/plugins/com.st.stm32cube.ide.mcu.externaltools.gnu-tools-for-stm32.7-2018-q2-update.win32_1.0.0.201904181610/tools/bin/../lib/gcc/arm-none-eabi/7.3.1/../../../../arm-none-eabi/lib/thumb/v7e-m/fpv4-sp/hard\libc_nano.a(lib_a-nano-vfprintf_i.o)
                              c:/st/stm32cubeide_1.0.2/stm32cubeide/plugins/com.st.stm32cube.ide.mcu.externaltools.gnu-tools-for-stm32.7-2018-q2-update.win32_1.0.0.201904181610/tools/bin/../lib/gcc/arm-none-eabi/7.3.1/../../../../arm-none-eabi/lib/thumb/v7e-m/fpv4-sp/hard\libc_nano.a(lib_a-nano-svfprintf.o) (_printf_i)
c:/st/stm32cubeide_1.0.2/stm32cubeide/plugins/com.st.stm32cube.ide.mcu.externaltools.gnu-tools-for-stm32.7-2018-q2-update.win32_1.0.0.201904181610/tools/bin/../lib/gcc/arm-none-eabi/7.3.1/../../../../arm-none-eabi/lib/thumb/v7e-m/fpv4-sp/hard\libc_nano.a(lib_a-memchr.o)
                              c:/st/stm32cubeide_1.0.2/stm32cubeide/plugins/com.st.stm32cube.ide.mcu.externaltools.gnu-tools-for-stm32.7-2018-q2-update.win32_1.0.0.201904181610/tools/bin/../lib/gcc/arm-none-eabi/7.3.1/../../../../arm-none-eabi/lib/thumb/v7e-m/fpv4-sp/hard\libc_nano.a(lib_a-nano-svfprintf.o) (memchr)
[...]
Memory Configuration

Name             Origin             Length             Attributes
RAM              0x0000000020000000 0x0000000000020000 xrw
ROM              0x0000000008000000 0x0000000000080000 xr
*default*        0x0000000000000000 0xffffffffffffffff

Linker script and memory map

LOAD c:/st/stm32cubeide_1.0.2/stm32cubeide/plugins/com.st.stm32cube.ide.mcu.externaltools.gnu-tools-for-stm32.7-2018-q2-update.win32_1.0.0.201904181610/tools/bin/../lib/gcc/arm-none-eabi/7.3.1/thumb/v7e-m/fpv4-sp/hard/crti.o
LOAD c:/st/stm32cubeide_1.0.2/stm32cubeide/plugins/com.st.stm32cube.ide.mcu.externaltools.gnu-tools-for-stm32.7-2018-q2-update.win32_1.0.0.201904181610/tools/bin/../lib/gcc/arm-none-eabi/7.3.1/thumb/v7e-m/fpv4-sp/hard/crtbegin.o
LOAD c:/st/stm32cubeide_1.0.2/stm32cubeide/plugins/com.st.stm32cube.ide.mcu.externaltools.gnu-tools-for-stm32.7-2018-q2-update.win32_1.0.0.201904181610/tools/bin/../lib/gcc/arm-none-eabi/7.3.1/../../../../arm-none-eabi/lib/thumb/v7e-m/fpv4-sp/hard/crt0.o
LOAD Src/delay.o
LOAD Src/keypad.o
LOAD Src/lcd.o
LOAD Src/main.o
LOAD Src/rotary.o
LOAD Src/syscalls.o
LOAD Src/sysmem.o
LOAD Src/timer.o
LOAD Src/tuner.o
LOAD Startup/startup_stm32f446retx.o
START GROUP
LOAD c:/st/stm32cubeide_1.0.2/stm32cubeide/plugins/com.st.stm32cube.ide.mcu.externaltools.gnu-tools-for-stm32.7-2018-q2-update.win32_1.0.0.201904181610/tools/bin/../lib/gcc/arm-none-eabi/7.3.1/../../../../arm-none-eabi/lib/thumb/v7e-m/fpv4-sp/hard\libc_nano.a
LOAD c:/st/stm32cubeide_1.0.2/stm32cubeide/plugins/com.st.stm32cube.ide.mcu.externaltools.gnu-tools-for-stm32.7-2018-q2-update.win32_1.0.0.201904181610/tools/bin/../lib/gcc/arm-none-eabi/7.3.1/../../../../arm-none-eabi/lib/thumb/v7e-m/fpv4-sp/hard\libm.a
END GROUP
START GROUP
LOAD c:/st/stm32cubeide_1.0.2/stm32cubeide/plugins/com.st.stm32cube.ide.mcu.externaltools.gnu-tools-for-stm32.7-2018-q2-update.win32_1.0.0.201904181610/tools/bin/../lib/gcc/arm-none-eabi/7.3.1/thumb/v7e-m/fpv4-sp/hard\libgcc.a
LOAD c:/st/stm32cubeide_1.0.2/stm32cubeide/plugins/com.st.stm32cube.ide.mcu.externaltools.gnu-tools-for-stm32.7-2018-q2-update.win32_1.0.0.201904181610/tools/bin/../lib/gcc/arm-none-eabi/7.3.1/../../../../arm-none-eabi/lib/thumb/v7e-m/fpv4-sp/hard\libc_nano.a
END GROUP
START GROUP
LOAD c:/st/stm32cubeide_1.0.2/stm32cubeide/plugins/com.st.stm32cube.ide.mcu.externaltools.gnu-tools-for-stm32.7-2018-q2-update.win32_1.0.0.201904181610/tools/bin/../lib/gcc/arm-none-eabi/7.3.1/thumb/v7e-m/fpv4-sp/hard\libgcc.a
LOAD c:/st/stm32cubeide_1.0.2/stm32cubeide/plugins/com.st.stm32cube.ide.mcu.externaltools.gnu-tools-for-stm32.7-2018-q2-update.win32_1.0.0.201904181610/tools/bin/../lib/gcc/arm-none-eabi/7.3.1/../../../../arm-none-eabi/lib/thumb/v7e-m/fpv4-sp/hard\libc_nano.a
LOAD c:/st/stm32cubeide_1.0.2/stm32cubeide/plugins/com.st.stm32cube.ide.mcu.externaltools.gnu-tools-for-stm32.7-2018-q2-update.win32_1.0.0.201904181610/tools/bin/../lib/gcc/arm-none-eabi/7.3.1/../../../../arm-none-eabi/lib/thumb/v7e-m/fpv4-sp/hard\libnosys.a
END GROUP
START GROUP
LOAD c:/st/stm32cubeide_1.0.2/stm32cubeide/plugins/com.st.stm32cube.ide.mcu.externaltools.gnu-tools-for-stm32.7-2018-q2-update.win32_1.0.0.201904181610/tools/bin/../lib/gcc/arm-none-eabi/7.3.1/thumb/v7e-m/fpv4-sp/hard\libgcc.a
LOAD c:/st/stm32cubeide_1.0.2/stm32cubeide/plugins/com.st.stm32cube.ide.mcu.externaltools.gnu-tools-for-stm32.7-2018-q2-update.win32_1.0.0.201904181610/tools/bin/../lib/gcc/arm-none-eabi/7.3.1/../../../../arm-none-eabi/lib/thumb/v7e-m/fpv4-sp/hard\libc_nano.a
LOAD c:/st/stm32cubeide_1.0.2/stm32cubeide/plugins/com.st.stm32cube.ide.mcu.externaltools.gnu-tools-for-stm32.7-2018-q2-update.win32_1.0.0.201904181610/tools/bin/../lib/gcc/arm-none-eabi/7.3.1/../../../../arm-none-eabi/lib/thumb/v7e-m/fpv4-sp/hard\libnosys.a
END GROUP
LOAD c:/st/stm32cubeide_1.0.2/stm32cubeide/plugins/com.st.stm32cube.ide.mcu.externaltools.gnu-tools-for-stm32.7-2018-q2-update.win32_1.0.0.201904181610/tools/bin/../lib/gcc/arm-none-eabi/7.3.1/thumb/v7e-m/fpv4-sp/hard/crtend.o
LOAD c:/st/stm32cubeide_1.0.2/stm32cubeide/plugins/com.st.stm32cube.ide.mcu.externaltools.gnu-tools-for-stm32.7-2018-q2-update.win32_1.0.0.201904181610/tools/bin/../lib/gcc/arm-none-eabi/7.3.1/thumb/v7e-m/fpv4-sp/hard/crtn.o
                0x0000000020020000                _estack = 0x20020000
                0x0000000000000200                _Min_Heap_Size = 0x200
                0x0000000000000400                _Min_Stack_Size = 0x400

.isr_vector     0x0000000008000000      0x1c4
                0x0000000008000000                . = ALIGN (0x4)
 *(.isr_vector)
 .isr_vector    0x0000000008000000      0x1c4 Startup/startup_stm32f446retx.o
                0x0000000008000000                g_pfnVectors
                0x00000000080001c4                . = ALIGN (0x4)

.text           0x00000000080001d0     0x23b4
                0x00000000080001d0                . = ALIGN (0x4)
 *(.text)
 .text          0x00000000080001d0       0x40 c:/st/stm32cubeide_1.0.2/stm32cubeide/plugins/com.st.stm32cube.ide.mcu.externaltools.gnu-tools-for-stm32.7-2018-q2-update.win32_1.0.0.201904181610/tools/bin/../lib/gcc/arm-none-eabi/7.3.1/thumb/v7e-m/fpv4-sp/hard/crtbegin.o
 .text          0x0000000008000210       0xa0 c:/st/stm32cubeide_1.0.2/stm32cubeide/plugins/com.st.stm32cube.ide.mcu.externaltools.gnu-tools-for-stm32.7-2018-q2-update.win32_1.0.0.201904181610/tools/bin/../lib/gcc/arm-none-eabi/7.3.1/../../../../arm-none-eabi/lib/thumb/v7e-m/fpv4-sp/hard\libc_nano.a(lib_a-memchr.o)
                0x0000000008000210                memchr
 *(.text*)
 .text.delay_1ms
                0x00000000080002b0       0x60 Src/delay.o
                0x00000000080002b0                delay_1ms
 .text.delay_1us
                0x0000000008000310       0x60 Src/delay.o
                0x0000000008000310                delay_1us
 .text.delay_1s
                0x0000000008000370       0x64 Src/delay.o
                0x0000000008000370                delay_1s
 .text.keypad_init
                0x00000000080003d4       0x40 Src/keypad.o
                0x00000000080003d4                keypad_init
 .text.keypad_getKeyNoBlock
                0x0000000008000414      0x304 Src/keypad.o
                0x0000000008000414                keypad_getKeyNoBlock
 .text.keypad_getKey
                0x0000000008000718       0x3e Src/keypad.o
                0x0000000008000718                keypad_getKey
 *fill*         0x0000000008000756        0x2 
 .text.keypad_getNum
                0x0000000008000758       0x94 Src/keypad.o
                0x0000000008000758                keypad_getNum
 .text.keypad_getChar
                0x00000000080007ec       0xc8 Src/keypad.o
                0x00000000080007ec                keypad_getChar
 .text.port_setup
                0x00000000080008b4       0x60 Src/lcd.o
 .text.write_instr
                0x0000000008000914       0x7c Src/lcd.o
 .text.write_data
                0x0000000008000990       0x64 Src/lcd.o
 .text.lcd_init
                0x00000000080009f4       0x30 Src/lcd.o
                0x00000000080009f4                lcd_init
 .text.lcd_clear
                0x0000000008000a24        0xe Src/lcd.o
                0x0000000008000a24                lcd_clear
 .text.lcd_setPosition
                0x0000000008000a32       0x38 Src/lcd.o
                0x0000000008000a32                lcd_setPosition
 .text.lcd_printString
                0x0000000008000a6a       0x4a Src/lcd.o
                0x0000000008000a6a                lcd_printString
 .text.lcd_printChar
                0x0000000008000ab4       0x1a Src/lcd.o
                0x0000000008000ab4                lcd_printChar
 *fill*         0x0000000008000ace        0x2 
 .text.lcd_printNum
                0x0000000008000ad0       0x2c Src/lcd.o
                0x0000000008000ad0                lcd_printNum
 .text.main     0x0000000008000afc        0xa Src/main.o
                0x0000000008000afc                main
 *fill*         0x0000000008000b06        0x2 
 .text.rotary_init
                0x0000000008000b08       0xbc Src/rotary.o
                0x0000000008000b08                rotary_init
 .text.rotary_enable
                0x0000000008000bc4       0x24 Src/rotary.o
                0x0000000008000bc4                rotary_enable
 .text.rotary_disable
                0x0000000008000be8       0x24 Src/rotary.o
                0x0000000008000be8                rotary_disable
 .text.EXTI0_IRQHandler
                0x0000000008000c0c       0x4c Src/rotary.o
                0x0000000008000c0c                EXTI0_IRQHandler
 .text.EXTI15_10_IRQHandler
                0x0000000008000c58       0x20 Src/rotary.o
                0x0000000008000c58                EXTI15_10_IRQHandler
 .text._sbrk    0x0000000008000c78       0x58 Src/sysmem.o
                0x0000000008000c78                _sbrk
 .text.timer_init
                0x0000000008000cd0       0x78 Src/timer.o
                0x0000000008000cd0                timer_init
 .text.timer_setSound
                0x0000000008000d48       0x2c Src/timer.o
                0x0000000008000d48                timer_setSound
 .text.timer_play
                0x0000000008000d74       0x1c Src/timer.o
                0x0000000008000d74                timer_play
 .text.timer_stop
                0x0000000008000d90       0x1c Src/timer.o
                0x0000000008000d90                timer_stop
 .text.frequencytoTicks
                0x0000000008000dac       0x20 Src/timer.o
 .text.tuner_sequence
                0x0000000008000dcc      0x348 Src/tuner.o
                0x0000000008000dcc                tuner_sequence
 .text.tuner_stepUp
                0x0000000008001114       0x2c Src/tuner.o
                0x0000000008001114                tuner_stepUp
 .text.tuner_stepDown
                0x0000000008001140       0x2c Src/tuner.o
                0x0000000008001140                tuner_stepDown
 .text.startup  0x000000000800116c       0xe0 Src/tuner.o
 .text.setNote  0x000000000800124c       0x48 Src/tuner.o
 .text.getFreq  0x0000000008001294      0x480 Src/tuner.o
 .text.getNoteName
                0x0000000008001714      0x5a4 Src/tuner.o
 .text.Reset_Handler
                0x0000000008001cb8       0x50 Startup/startup_stm32f446retx.o
                0x0000000008001cb8                Reset_Handler
 .text.Default_Handler
                0x0000000008001d08        0x2 Startup/startup_stm32f446retx.o
                0x0000000008001d08                RTC_Alarm_IRQHandler
                0x0000000008001d08                EXTI2_IRQHandler
                0x0000000008001d08                TIM8_CC_IRQHandler
                0x0000000008001d08                SPDIF_Rx_IRQHandler
                0x0000000008001d08                DebugMon_Handler
                0x0000000008001d08                SPI4_IRQHandler
                0x0000000008001d08                TIM1_CC_IRQHandler
                0x0000000008001d08                QuadSPI_IRQHandler
                0x0000000008001d08                DMA2_Stream5_IRQHandler
                0x0000000008001d08                HardFault_Handler
                0x0000000008001d08                DMA1_Stream5_IRQHandler
                0x0000000008001d08                SysTick_Handler
                0x0000000008001d08                PVD_IRQHandler
                0x0000000008001d08                SDIO_IRQHandler
                0x0000000008001d08                TAMP_STAMP_IRQHandler
                0x0000000008001d08                PendSV_Handler
                0x0000000008001d08                NMI_Handler
                0x0000000008001d08                CAN2_RX1_IRQHandler
                0x0000000008001d08                EXTI3_IRQHandler
                0x0000000008001d08                TIM8_TRG_COM_TIM14_IRQHandler
                0x0000000008001d08                TIM1_UP_TIM10_IRQHandler
                0x0000000008001d08                FMPI2C1_error_IRQHandler
                0x0000000008001d08                TIM8_UP_TIM13_IRQHandler
                0x0000000008001d08                I2C3_ER_IRQHandler
                0x0000000008001d08                I2C2_EV_IRQHandler
                0x0000000008001d08                DMA1_Stream2_IRQHandler
                0x0000000008001d08                CAN1_RX0_IRQHandler
                0x0000000008001d08                FPU_IRQHandler
                0x0000000008001d08                OTG_HS_WKUP_IRQHandler
                0x0000000008001d08                UsageFault_Handler
                0x0000000008001d08                CAN2_SCE_IRQHandler
                0x0000000008001d08                DMA2_Stream2_IRQHandler
                0x0000000008001d08                SPI1_IRQHandler
                0x0000000008001d08                TIM6_DAC_IRQHandler
                0x0000000008001d08                TIM1_BRK_TIM9_IRQHandler
                0x0000000008001d08                DCMI_IRQHandler
                0x0000000008001d08                CAN2_RX0_IRQHandler
                0x0000000008001d08                DMA2_Stream3_IRQHandler
                0x0000000008001d08                FMPI2C1_IRQHandler
                0x0000000008001d08                SAI2_IRQHandler
                0x0000000008001d08                USART6_IRQHandler
                0x0000000008001d08                USART3_IRQHandler
                0x0000000008001d08                CAN1_RX1_IRQHandler
                0x0000000008001d08                UART5_IRQHandler
                0x0000000008001d08                DMA2_Stream0_IRQHandler
                0x0000000008001d08                TIM4_IRQHandler
                0x0000000008001d08                I2C1_EV_IRQHandler
                0x0000000008001d08                HDMI_CEC_IRQHandler
                0x0000000008001d08                DMA1_Stream6_IRQHandler
                0x0000000008001d08                DMA1_Stream1_IRQHandler
                0x0000000008001d08                UART4_IRQHandler
                0x0000000008001d08                TIM3_IRQHandler
                0x0000000008001d08                RCC_IRQHandler
                0x0000000008001d08                TIM8_BRK_TIM12_IRQHandler
                0x0000000008001d08                Default_Handler
                0x0000000008001d08                ADC_IRQHandler
                0x0000000008001d08                DMA1_Stream7_IRQHandler
                0x0000000008001d08                TIM7_IRQHandler
                0x0000000008001d08                CAN2_TX_IRQHandler
                0x0000000008001d08                TIM5_IRQHandler
                0x0000000008001d08                DMA2_Stream7_IRQHandler
                0x0000000008001d08                I2C3_EV_IRQHandler
                0x0000000008001d08                EXTI9_5_IRQHandler
                0x0000000008001d08                RTC_WKUP_IRQHandler
                0x0000000008001d08                SPI2_IRQHandler
                0x0000000008001d08                OTG_HS_EP1_IN_IRQHandler
                0x0000000008001d08                MemManage_Handler
                0x0000000008001d08                DMA1_Stream0_IRQHandler
                0x0000000008001d08                CAN1_TX_IRQHandler
                0x0000000008001d08                SVC_Handler
                0x0000000008001d08                EXTI4_IRQHandler
                0x0000000008001d08                OTG_HS_EP1_OUT_IRQHandler
                0x0000000008001d08                WWDG_IRQHandler
                0x0000000008001d08                TIM2_IRQHandler
                0x0000000008001d08                OTG_FS_WKUP_IRQHandler
                0x0000000008001d08                TIM1_TRG_COM_TIM11_IRQHandler
                0x0000000008001d08                OTG_HS_IRQHandler
                0x0000000008001d08                EXTI1_IRQHandler
                0x0000000008001d08                USART2_IRQHandler
                0x0000000008001d08                I2C2_ER_IRQHandler
                0x0000000008001d08                DMA2_Stream1_IRQHandler
                0x0000000008001d08                CAN1_SCE_IRQHandler
                0x0000000008001d08                FLASH_IRQHandler
                0x0000000008001d08                DMA2_Stream4_IRQHandler
                0x0000000008001d08                BusFault_Handler
                0x0000000008001d08                USART1_IRQHandler
                0x0000000008001d08                OTG_FS_IRQHandler
                0x0000000008001d08                SPI3_IRQHandler
                0x0000000008001d08                DMA1_Stream4_IRQHandler
                0x0000000008001d08                I2C1_ER_IRQHandler
                0x0000000008001d08                FMC_IRQHandler
                0x0000000008001d08                DMA2_Stream6_IRQHandler
                0x0000000008001d08                SAI1_IRQHandler
                0x0000000008001d08                DMA1_Stream3_IRQHandler
 *fill*         0x0000000008001d0a        0x2 
 .text.__errno  0x0000000008001d0c        0xc c:/st/stm32cubeide_1.0.2/stm32cubeide/plugins/com.st.stm32cube.ide.mcu.externaltools.gnu-tools-for-stm32.7-2018-q2-update.win32_1.0.0.201904181610/tools/bin/../lib/gcc/arm-none-eabi/7.3.1/../../../../arm-none-eabi/lib/thumb/v7e-m/fpv4-sp/hard\libc_nano.a(lib_a-errno.o)
                0x0000000008001d0c                __errno
 .text.__libc_init_array
                0x0000000008001d18       0x48 c:/st/stm32cubeide_1.0.2/stm32cubeide/plugins/com.st.stm32cube.ide.mcu.externaltools.gnu-tools-for-stm32.7-2018-q2-update.win32_1.0.0.201904181610/tools/bin/../lib/gcc/arm-none-eabi/7.3.1/../../../../arm-none-eabi/lib/thumb/v7e-m/fpv4-sp/hard\libc_nano.a(lib_a-init.o)
                0x0000000008001d18                __libc_init_array
 .text.sprintf  0x0000000008001d60       0x40 c:/st/stm32cubeide_1.0.2/stm32cubeide/plugins/com.st.stm32cube.ide.mcu.externaltools.gnu-tools-for-stm32.7-2018-q2-update.win32_1.0.0.201904181610/tools/bin/../lib/gcc/arm-none-eabi/7.3.1/../../../../arm-none-eabi/lib/thumb/v7e-m/fpv4-sp/hard\libc_nano.a(lib_a-sprintf.o)
                0x0000000008001d60                siprintf
                0x0000000008001d60                sprintf
 .text.__ssputs_r
                0x0000000008001da0       0xb4 c:/st/stm32cubeide_1.0.2/stm32cubeide/plugins/com.st.stm32cube.ide.mcu.externaltools.gnu-tools-for-stm32.7-2018-q2-update.win32_1.0.0.201904181610/tools/bin/../lib/gcc/arm-none-eabi/7.3.1/../../../../arm-none-eabi/lib/thumb/v7e-m/fpv4-sp/hard\libc_nano.a(lib_a-nano-svfprintf.o)
                0x0000000008001da0                __ssputs_r
 .text._svfprintf_r
                0x0000000008001e54      0x1f0 c:/st/stm32cubeide_1.0.2/stm32cubeide/plugins/com.st.stm32cube.ide.mcu.externaltools.gnu-tools-for-stm32.7-2018-q2-update.win32_1.0.0.201904181610/tools/bin/../lib/gcc/arm-none-eabi/7.3.1/../../../../arm-none-eabi/lib/thumb/v7e-m/fpv4-sp/hard\libc_nano.a(lib_a-nano-svfprintf.o)
                0x0000000008001e54                _svfiprintf_r
                0x0000000008001e54                _svfprintf_r
 .text._printf_common
                0x0000000008002044       0xea c:/st/stm32cubeide_1.0.2/stm32cubeide/plugins/com.st.stm32cube.ide.mcu.externaltools.gnu-tools-for-stm32.7-2018-q2-update.win32_1.0.0.201904181610/tools/bin/../lib/gcc/arm-none-eabi/7.3.1/../../../../arm-none-eabi/lib/thumb/v7e-m/fpv4-sp/hard\libc_nano.a(lib_a-nano-vfprintf_i.o)
                0x0000000008002044                _printf_common
 *fill*         0x000000000800212e        0x2 
 .text._printf_i
                0x0000000008002130      0x224 c:/st/stm32cubeide_1.0.2/stm32cubeide/plugins/com.st.stm32cube.ide.mcu.externaltools.gnu-tools-for-stm32.7-2018-q2-update.win32_1.0.0.201904181610/tools/bin/../lib/gcc/arm-none-eabi/7.3.1/../../../../arm-none-eabi/lib/thumb/v7e-m/fpv4-sp/hard\libc_nano.a(lib_a-nano-vfprintf_i.o)
                0x0000000008002130                _printf_i
 .text.memcpy   0x0000000008002354       0x16 c:/st/stm32cubeide_1.0.2/stm32cubeide/plugins/com.st.stm32cube.ide.mcu.externaltools.gnu-tools-for-stm32.7-2018-q2-update.win32_1.0.0.201904181610/tools/bin/../lib/gcc/arm-none-eabi/7.3.1/../../../../arm-none-eabi/lib/thumb/v7e-m/fpv4-sp/hard\libc_nano.a(lib_a-memcpy-stub.o)
                0x0000000008002354                memcpy
 .text.memmove  0x000000000800236a       0x32 c:/st/stm32cubeide_1.0.2/stm32cubeide/plugins/com.st.stm32cube.ide.mcu.externaltools.gnu-tools-for-stm32.7-2018-q2-update.win32_1.0.0.201904181610/tools/bin/../lib/gcc/arm-none-eabi/7.3.1/../../../../arm-none-eabi/lib/thumb/v7e-m/fpv4-sp/hard\libc_nano.a(lib_a-memmove.o)
                0x000000000800236a                memmove
 .text._free_r  0x000000000800239c       0x9c c:/st/stm32cubeide_1.0.2/stm32cubeide/plugins/com.st.stm32cube.ide.mcu.externaltools.gnu-tools-for-stm32.7-2018-q2-update.win32_1.0.0.201904181610/tools/bin/../lib/gcc/arm-none-eabi/7.3.1/../../../../arm-none-eabi/lib/thumb/v7e-m/fpv4-sp/hard\libc_nano.a(lib_a-nano-freer.o)
                0x000000000800239c                _free_r
 .text._malloc_r
                0x0000000008002438       0xb4 c:/st/stm32cubeide_1.0.2/stm32cubeide/plugins/com.st.stm32cube.ide.mcu.externaltools.gnu-tools-for-stm32.7-2018-q2-update.win32_1.0.0.201904181610/tools/bin/../lib/gcc/arm-none-eabi/7.3.1/../../../../arm-none-eabi/lib/thumb/v7e-m/fpv4-sp/hard\libc_nano.a(lib_a-nano-mallocr.o)
                0x0000000008002438                _malloc_r
 .text._realloc_r
                0x00000000080024ec       0x4c c:/st/stm32cubeide_1.0.2/stm32cubeide/plugins/com.st.stm32cube.ide.mcu.externaltools.gnu-tools-for-stm32.7-2018-q2-update.win32_1.0.0.201904181610/tools/bin/../lib/gcc/arm-none-eabi/7.3.1/../../../../arm-none-eabi/lib/thumb/v7e-m/fpv4-sp/hard\libc_nano.a(lib_a-nano-reallocr.o)
                0x00000000080024ec                _realloc_r
 .text._sbrk_r  0x0000000008002538       0x20 c:/st/stm32cubeide_1.0.2/stm32cubeide/plugins/com.st.stm32cube.ide.mcu.externaltools.gnu-tools-for-stm32.7-2018-q2-update.win32_1.0.0.201904181610/tools/bin/../lib/gcc/arm-none-eabi/7.3.1/../../../../arm-none-eabi/lib/thumb/v7e-m/fpv4-sp/hard\libc_nano.a(lib_a-sbrkr.o)
                0x0000000008002538                _sbrk_r
 .text.__malloc_lock
                0x0000000008002558        0x2 c:/st/stm32cubeide_1.0.2/stm32cubeide/plugins/com.st.stm32cube.ide.mcu.externaltools.gnu-tools-for-stm32.7-2018-q2-update.win32_1.0.0.201904181610/tools/bin/../lib/gcc/arm-none-eabi/7.3.1/../../../../arm-none-eabi/lib/thumb/v7e-m/fpv4-sp/hard\libc_nano.a(lib_a-mlock.o)
                0x0000000008002558                __malloc_lock
 .text.__malloc_unlock
                0x000000000800255a        0x2 c:/st/stm32cubeide_1.0.2/stm32cubeide/plugins/com.st.stm32cube.ide.mcu.externaltools.gnu-tools-for-stm32.7-2018-q2-update.win32_1.0.0.201904181610/tools/bin/../lib/gcc/arm-none-eabi/7.3.1/../../../../arm-none-eabi/lib/thumb/v7e-m/fpv4-sp/hard\libc_nano.a(lib_a-mlock.o)
                0x000000000800255a                __malloc_unlock
 .text._malloc_usable_size_r
                0x000000000800255c       0x10 c:/st/stm32cubeide_1.0.2/stm32cubeide/plugins/com.st.stm32cube.ide.mcu.externaltools.gnu-tools-for-stm32.7-2018-q2-update.win32_1.0.0.201904181610/tools/bin/../lib/gcc/arm-none-eabi/7.3.1/../../../../arm-none-eabi/lib/thumb/v7e-m/fpv4-sp/hard\libc_nano.a(lib_a-nano-msizer.o)
                0x000000000800255c                _malloc_usable_size_r
 *(.glue_7)
 .glue_7        0x000000000800256c        0x0 linker stubs
 *(.glue_7t)
 .glue_7t       0x000000000800256c        0x0 linker stubs
 *(.eh_frame)
 .eh_frame      0x000000000800256c        0x0 c:/st/stm32cubeide_1.0.2/stm32cubeide/plugins/com.st.stm32cube.ide.mcu.externaltools.gnu-tools-for-stm32.7-2018-q2-update.win32_1.0.0.201904181610/tools/bin/../lib/gcc/arm-none-eabi/7.3.1/thumb/v7e-m/fpv4-sp/hard/crtbegin.o
 *(.init)
 .init          0x000000000800256c        0x4 c:/st/stm32cubeide_1.0.2/stm32cubeide/plugins/com.st.stm32cube.ide.mcu.externaltools.gnu-tools-for-stm32.7-2018-q2-update.win32_1.0.0.201904181610/tools/bin/../lib/gcc/arm-none-eabi/7.3.1/thumb/v7e-m/fpv4-sp/hard/crti.o
                0x000000000800256c                _init
 .init          0x0000000008002570        0x8 c:/st/stm32cubeide_1.0.2/stm32cubeide/plugins/com.st.stm32cube.ide.mcu.externaltools.gnu-tools-for-stm32.7-2018-q2-update.win32_1.0.0.201904181610/tools/bin/../lib/gcc/arm-none-eabi/7.3.1/thumb/v7e-m/fpv4-sp/hard/crtn.o
 *(.fini)
 .fini          0x0000000008002578        0x4 c:/st/stm32cubeide_1.0.2/stm32cubeide/plugins/com.st.stm32cube.ide.mcu.externaltools.gnu-tools-for-stm32.7-2018-q2-update.win32_1.0.0.201904181610/tools/bin/../lib/gcc/arm-none-eabi/7.3.1/thumb/v7e-m/fpv4-sp/hard/crti.o
                0x0000000008002578                _fini
 .fini          0x000000000800257c        0x8 c:/st/stm32cubeide_1.0.2/stm32cubeide/plugins/com.st.stm32cube.ide.mcu.externaltools.gnu-tools-for-stm32.7-2018-q2-update.win32_1.0.0.201904181610/tools/bin/../lib/gcc/arm-none-eabi/7.3.1/thumb/v7e-m/fpv4-sp/hard/crtn.o
                0x0000000008002584                . = ALIGN (0x4)
                0x0000000008002584                _etext = .

.vfp11_veneer   0x0000000008002584        0x0
 .vfp11_veneer  0x0000000008002584        0x0 linker stubs

.v4_bx          0x0000000008002584        0x0
 .v4_bx         0x0000000008002584        0x0 linker stubs

.iplt           0x0000000008002584        0x0
 .iplt          0x0000000008002584        0x0 c:/st/stm32cubeide_1.0.2/stm32cubeide/plugins/com.st.stm32cube.ide.mcu.externaltools.gnu-tools-for-stm32.7-2018-q2-update.win32_1.0.0.201904181610/tools/bin/../lib/gcc/arm-none-eabi/7.3.1/thumb/v7e-m/fpv4-sp/hard/crtbegin.o

.rodata         0x0000000008002584      0x2e8
                0x0000000008002584                . = ALIGN (0x4)
 *(.rodata)
 .rodata        0x0000000008002584        0x3 Src/lcd.o
 *fill*         0x0000000008002587        0x1 
 .rodata        0x0000000008002588      0x2b0 Src/tuner.o
 *(.rodata*)
 .rodata._svfprintf_r.str1.1
                0x0000000008002838       0x11 c:/st/stm32cubeide_1.0.2/stm32cubeide/plugins/com.st.stm32cube.ide.mcu.externaltools.gnu-tools-for-stm32.7-2018-q2-update.win32_1.0.0.201904181610/tools/bin/../lib/gcc/arm-none-eabi/7.3.1/../../../../arm-none-eabi/lib/thumb/v7e-m/fpv4-sp/hard\libc_nano.a(lib_a-nano-svfprintf.o)
 .rodata._printf_i.str1.1
                0x0000000008002849       0x22 c:/st/stm32cubeide_1.0.2/stm32cubeide/plugins/com.st.stm32cube.ide.mcu.externaltools.gnu-tools-for-stm32.7-2018-q2-update.win32_1.0.0.201904181610/tools/bin/../lib/gcc/arm-none-eabi/7.3.1/../../../../arm-none-eabi/lib/thumb/v7e-m/fpv4-sp/hard\libc_nano.a(lib_a-nano-vfprintf_i.o)
                0x000000000800286c                . = ALIGN (0x4)
 *fill*         0x000000000800286b        0x1 

.rel.dyn        0x000000000800286c        0x0
 .rel.iplt      0x000000000800286c        0x0 c:/st/stm32cubeide_1.0.2/stm32cubeide/plugins/com.st.stm32cube.ide.mcu.externaltools.gnu-tools-for-stm32.7-2018-q2-update.win32_1.0.0.201904181610/tools/bin/../lib/gcc/arm-none-eabi/7.3.1/thumb/v7e-m/fpv4-sp/hard/crtbegin.o

.ARM.extab      0x000000000800286c        0x0
                0x000000000800286c                . = ALIGN (0x4)
 *(.ARM.extab* .gnu.linkonce.armextab.*)
                0x000000000800286c                . = ALIGN (0x4)

.ARM            0x000000000800286c        0x0
                0x000000000800286c                . = ALIGN (0x4)
                0x000000000800286c                __exidx_start = .
 *(.ARM.exidx*)
                0x000000000800286c                __exidx_end = .
                0x000000000800286c                . = ALIGN (0x4)

.preinit_array  0x000000000800286c        0x0
                0x000000000800286c                . = ALIGN (0x4)
                0x000000000800286c                PROVIDE (__preinit_array_start = .)
 *(.preinit_array*)
                0x000000000800286c                PROVIDE (__preinit_array_end = .)
                0x000000000800286c                . = ALIGN (0x4)

.init_array     0x000000000800286c        0x4
                0x000000000800286c                . = ALIGN (0x4)
                0x000000000800286c                PROVIDE (__init_array_start = .)
 *(SORT_BY_NAME(.init_array.*))
 *(.init_array*)
 .init_array    0x000000000800286c        0x4 c:/st/stm32cubeide_1.0.2/stm32cubeide/plugins/com.st.stm32cube.ide.mcu.externaltools.gnu-tools-for-stm32.7-2018-q2-update.win32_1.0.0.201904181610/tools/bin/../lib/gcc/arm-none-eabi/7.3.1/thumb/v7e-m/fpv4-sp/hard/crtbegin.o
                0x0000000008002870                PROVIDE (__init_array_end = .)
                0x0000000008002870                . = ALIGN (0x4)

.fini_array     0x0000000008002870        0x4
                0x0000000008002870                . = ALIGN (0x4)
                [!provide]                        PROVIDE (__fini_array_start = .)
 *(SORT_BY_NAME(.fini_array.*))
 *(.fini_array*)
 .fini_array    0x0000000008002870        0x4 c:/st/stm32cubeide_1.0.2/stm32cubeide/plugins/com.st.stm32cube.ide.mcu.externaltools.gnu-tools-for-stm32.7-2018-q2-update.win32_1.0.0.201904181610/tools/bin/../lib/gcc/arm-none-eabi/7.3.1/thumb/v7e-m/fpv4-sp/hard/crtbegin.o
                [!provide]                        PROVIDE (__fini_array_end = .)
                0x0000000008002874                . = ALIGN (0x4)
                0x0000000008002874                _sidata = LOADADDR (.data)

.data           0x0000000020000000       0x6c load address 0x0000000008002874
                0x0000000020000000                . = ALIGN (0x4)
                0x0000000020000000                _sdata = .
 *(.data)
 *(.data*)
 .data.tim      0x0000000020000000        0x4 Src/timer.o
                0x0000000020000000                tim
 .data.currentNote
                0x0000000020000004        0x1 Src/tuner.o
 *fill*         0x0000000020000005        0x3 
 .data._impure_ptr
                0x0000000020000008        0x4 c:/st/stm32cubeide_1.0.2/stm32cubeide/plugins/com.st.stm32cube.ide.mcu.externaltools.gnu-tools-for-stm32.7-2018-q2-update.win32_1.0.0.201904181610/tools/bin/../lib/gcc/arm-none-eabi/7.3.1/../../../../arm-none-eabi/lib/thumb/v7e-m/fpv4-sp/hard\libc_nano.a(lib_a-impure.o)
                0x0000000020000008                _impure_ptr
 .data.impure_data
                0x000000002000000c       0x60 c:/st/stm32cubeide_1.0.2/stm32cubeide/plugins/com.st.stm32cube.ide.mcu.externaltools.gnu-tools-for-stm32.7-2018-q2-update.win32_1.0.0.201904181610/tools/bin/../lib/gcc/arm-none-eabi/7.3.1/../../../../arm-none-eabi/lib/thumb/v7e-m/fpv4-sp/hard\libc_nano.a(lib_a-impure.o)
                0x000000002000006c                . = ALIGN (0x4)
                0x000000002000006c                _edata = .

.igot.plt       0x000000002000006c        0x0 load address 0x00000000080028e0
 .igot.plt      0x000000002000006c        0x0 c:/st/stm32cubeide_1.0.2/stm32cubeide/plugins/com.st.stm32cube.ide.mcu.externaltools.gnu-tools-for-stm32.7-2018-q2-update.win32_1.0.0.201904181610/tools/bin/../lib/gcc/arm-none-eabi/7.3.1/thumb/v7e-m/fpv4-sp/hard/crtbegin.o
                0x000000002000006c                . = ALIGN (0x4)

.bss            0x000000002000006c       0x2c load address 0x00000000080028e0
                0x000000002000006c                _sbss = .
                0x000000002000006c                __bss_start__ = _sbss
 *(.bss)
 .bss           0x000000002000006c       0x1c c:/st/stm32cubeide_1.0.2/stm32cubeide/plugins/com.st.stm32cube.ide.mcu.externaltools.gnu-tools-for-stm32.7-2018-q2-update.win32_1.0.0.201904181610/tools/bin/../lib/gcc/arm-none-eabi/7.3.1/thumb/v7e-m/fpv4-sp/hard/crtbegin.o
 *(.bss*)
 .bss.heap_end.6424
                0x0000000020000088        0x4 Src/sysmem.o
 .bss.__malloc_free_list
                0x000000002000008c        0x4 c:/st/stm32cubeide_1.0.2/stm32cubeide/plugins/com.st.stm32cube.ide.mcu.externaltools.gnu-tools-for-stm32.7-2018-q2-update.win32_1.0.0.201904181610/tools/bin/../lib/gcc/arm-none-eabi/7.3.1/../../../../arm-none-eabi/lib/thumb/v7e-m/fpv4-sp/hard\libc_nano.a(lib_a-nano-mallocr.o)
                0x000000002000008c                __malloc_free_list
 .bss.__malloc_sbrk_start
                0x0000000020000090        0x4 c:/st/stm32cubeide_1.0.2/stm32cubeide/plugins/com.st.stm32cube.ide.mcu.externaltools.gnu-tools-for-stm32.7-2018-q2-update.win32_1.0.0.201904181610/tools/bin/../lib/gcc/arm-none-eabi/7.3.1/../../../../arm-none-eabi/lib/thumb/v7e-m/fpv4-sp/hard\libc_nano.a(lib_a-nano-mallocr.o)
                0x0000000020000090                __malloc_sbrk_start
 *(COMMON)
 COMMON         0x0000000020000094        0x4 c:/st/stm32cubeide_1.0.2/stm32cubeide/plugins/com.st.stm32cube.ide.mcu.externaltools.gnu-tools-for-stm32.7-2018-q2-update.win32_1.0.0.201904181610/tools/bin/../lib/gcc/arm-none-eabi/7.3.1/../../../../arm-none-eabi/lib/thumb/v7e-m/fpv4-sp/hard\libc_nano.a(lib_a-reent.o)
                0x0000000020000094                errno
                0x0000000020000098                . = ALIGN (0x4)
                0x0000000020000098                _ebss = .
                0x0000000020000098                __bss_end__ = _ebss

._user_heap_stack
                0x0000000020000098      0x600 load address 0x00000000080028e0
                0x0000000020000098                . = ALIGN (0x8)
                0x0000000020000098                PROVIDE (end = .)
                [!provide]                        PROVIDE (_end = .)
                0x0000000020000298                . = (. + _Min_Heap_Size)
 *fill*         0x0000000020000098      0x200 
                0x0000000020000698                . = (. + _Min_Stack_Size)
 *fill*         0x0000000020000298      0x400 
                0x0000000020000698                . = ALIGN (0x8)

/DISCARD/
 libc.a(*)
 libm.a(*)
 libgcc.a(*)

.ARM.attributes
                0x0000000000000000       0x30
 *(.ARM.attributes)
 .ARM.attributes
                0x0000000000000000       0x22 c:/st/stm32cubeide_1.0.2/stm32cubeide/plugins/com.st.stm32cube.ide.mcu.externaltools.gnu-tools-for-stm32.7-2018-q2-update.win32_1.0.0.201904181610/tools/bin/../lib/gcc/arm-none-eabi/7.3.1/thumb/v7e-m/fpv4-sp/hard/crti.o
 .ARM.attributes
                0x0000000000000022       0x34 c:/st/stm32cubeide_1.0.2/stm32cubeide/plugins/com.st.stm32cube.ide.mcu.externaltools.gnu-tools-for-stm32.7-2018-q2-update.win32_1.0.0.201904181610/tools/bin/../lib/gcc/arm-none-eabi/7.3.1/thumb/v7e-m/fpv4-sp/hard/crtbegin.o
 .ARM.attributes
                0x0000000000000056       0x39 Src/delay.o
 .ARM.attributes
                0x000000000000008f       0x39 Src/keypad.o
 .ARM.attributes
                0x00000000000000c8       0x39 Src/lcd.o
 .ARM.attributes
                0x0000000000000101       0x39 Src/main.o
 .ARM.attributes
                0x000000000000013a       0x39 Src/rotary.o
 .ARM.attributes
                0x0000000000000173       0x39 Src/sysmem.o
 .ARM.attributes
                0x00000000000001ac       0x39 Src/timer.o
 .ARM.attributes
                0x00000000000001e5       0x39 Src/tuner.o
 .ARM.attributes
                0x000000000000021e       0x21 Startup/startup_stm32f446retx.o
 .ARM.attributes
                0x000000000000023f       0x34 c:/st/stm32cubeide_1.0.2/stm32cubeide/plugins/com.st.stm32cube.ide.mcu.externaltools.gnu-tools-for-stm32.7-2018-q2-update.win32_1.0.0.201904181610/tools/bin/../lib/gcc/arm-none-eabi/7.3.1/../../../../arm-none-eabi/lib/thumb/v7e-m/fpv4-sp/hard\libc_nano.a(lib_a-errno.o)
 .ARM.attributes
                0x0000000000000273       0x34 c:/st/stm32cubeide_1.0.2/stm32cubeide/plugins/com.st.stm32cube.ide.mcu.externaltools.gnu-tools-for-stm32.7-2018-q2-update.win32_1.0.0.201904181610/tools/bin/../lib/gcc/arm-none-eabi/7.3.1/../../../../arm-none-eabi/lib/thumb/v7e-m/fpv4-sp/hard\libc_nano.a(lib_a-impure.o)
 .ARM.attributes
                0x00000000000002a7       0x34 c:/st/stm32cubeide_1.0.2/stm32cubeide/plugins/com.st.stm32cube.ide.mcu.externaltools.gnu-tools-for-stm32.7-2018-q2-update.win32_1.0.0.201904181610/tools/bin/../lib/gcc/arm-none-eabi/7.3.1/../../../../arm-none-eabi/lib/thumb/v7e-m/fpv4-sp/hard\libc_nano.a(lib_a-init.o)
 .ARM.attributes
                0x00000000000002db       0x34 c:/st/stm32cubeide_1.0.2/stm32cubeide/plugins/com.st.stm32cube.ide.mcu.externaltools.gnu-tools-for-stm32.7-2018-q2-update.win32_1.0.0.201904181610/tools/bin/../lib/gcc/arm-none-eabi/7.3.1/../../../../arm-none-eabi/lib/thumb/v7e-m/fpv4-sp/hard\libc_nano.a(lib_a-sprintf.o)
 .ARM.attributes
                0x000000000000030f       0x34 c:/st/stm32cubeide_1.0.2/stm32cubeide/plugins/com.st.stm32cube.ide.mcu.externaltools.gnu-tools-for-stm32.7-2018-q2-update.win32_1.0.0.201904181610/tools/bin/../lib/gcc/arm-none-eabi/7.3.1/../../../../arm-none-eabi/lib/thumb/v7e-m/fpv4-sp/hard\libc_nano.a(lib_a-nano-svfprintf.o)
 .ARM.attributes
                0x0000000000000343       0x34 c:/st/stm32cubeide_1.0.2/stm32cubeide/plugins/com.st.stm32cube.ide.mcu.externaltools.gnu-tools-for-stm32.7-2018-q2-update.win32_1.0.0.201904181610/tools/bin/../lib/gcc/arm-none-eabi/7.3.1/../../../../arm-none-eabi/lib/thumb/v7e-m/fpv4-sp/hard\libc_nano.a(lib_a-nano-vfprintf_i.o)
 .ARM.attributes
                0x0000000000000377       0x20 c:/st/stm32cubeide_1.0.2/stm32cubeide/plugins/com.st.stm32cube.ide.mcu.externaltools.gnu-tools-for-stm32.7-2018-q2-update.win32_1.0.0.201904181610/tools/bin/../lib/gcc/arm-none-eabi/7.3.1/../../../../arm-none-eabi/lib/thumb/v7e-m/fpv4-sp/hard\libc_nano.a(lib_a-memchr.o)
 .ARM.attributes
                0x0000000000000397       0x34 c:/st/stm32cubeide_1.0.2/stm32cubeide/plugins/com.st.stm32cube.ide.mcu.externaltools.gnu-tools-for-stm32.7-2018-q2-update.win32_1.0.0.201904181610/tools/bin/../lib/gcc/arm-none-eabi/7.3.1/../../../../arm-none-eabi/lib/thumb/v7e-m/fpv4-sp/hard\libc_nano.a(lib_a-memcpy-stub.o)
 .ARM.attributes
                0x00000000000003cb       0x34 c:/st/stm32cubeide_1.0.2/stm32cubeide/plugins/com.st.stm32cube.ide.mcu.externaltools.gnu-tools-for-stm32.7-2018-q2-update.win32_1.0.0.201904181610/tools/bin/../lib/gcc/arm-none-eabi/7.3.1/../../../../arm-none-eabi/lib/thumb/v7e-m/fpv4-sp/hard\libc_nano.a(lib_a-memmove.o)
 .ARM.attributes
                0x00000000000003ff       0x34 c:/st/stm32cubeide_1.0.2/stm32cubeide/plugins/com.st.stm32cube.ide.mcu.externaltools.gnu-tools-for-stm32.7-2018-q2-update.win32_1.0.0.201904181610/tools/bin/../lib/gcc/arm-none-eabi/7.3.1/../../../../arm-none-eabi/lib/thumb/v7e-m/fpv4-sp/hard\libc_nano.a(lib_a-nano-freer.o)
 .ARM.attributes
                0x0000000000000433       0x34 c:/st/stm32cubeide_1.0.2/stm32cubeide/plugins/com.st.stm32cube.ide.mcu.externaltools.gnu-tools-for-stm32.7-2018-q2-update.win32_1.0.0.201904181610/tools/bin/../lib/gcc/arm-none-eabi/7.3.1/../../../../arm-none-eabi/lib/thumb/v7e-m/fpv4-sp/hard\libc_nano.a(lib_a-nano-mallocr.o)
 .ARM.attributes
                0x0000000000000467       0x34 c:/st/stm32cubeide_1.0.2/stm32cubeide/plugins/com.st.stm32cube.ide.mcu.externaltools.gnu-tools-for-stm32.7-2018-q2-update.win32_1.0.0.201904181610/tools/bin/../lib/gcc/arm-none-eabi/7.3.1/../../../../arm-none-eabi/lib/thumb/v7e-m/fpv4-sp/hard\libc_nano.a(lib_a-nano-reallocr.o)
 .ARM.attributes
                0x000000000000049b       0x34 c:/st/stm32cubeide_1.0.2/stm32cubeide/plugins/com.st.stm32cube.ide.mcu.externaltools.gnu-tools-for-stm32.7-2018-q2-update.win32_1.0.0.201904181610/tools/bin/../lib/gcc/arm-none-eabi/7.3.1/../../../../arm-none-eabi/lib/thumb/v7e-m/fpv4-sp/hard\libc_nano.a(lib_a-sbrkr.o)
 .ARM.attributes
                0x00000000000004cf       0x34 c:/st/stm32cubeide_1.0.2/stm32cubeide/plugins/com.st.stm32cube.ide.mcu.externaltools.gnu-tools-for-stm32.7-2018-q2-update.win32_1.0.0.201904181610/tools/bin/../lib/gcc/arm-none-eabi/7.3.1/../../../../arm-none-eabi/lib/thumb/v7e-m/fpv4-sp/hard\libc_nano.a(lib_a-mlock.o)
 .ARM.attributes
                0x0000000000000503       0x34 c:/st/stm32cubeide_1.0.2/stm32cubeide/plugins/com.st.stm32cube.ide.mcu.externaltools.gnu-tools-for-stm32.7-2018-q2-update.win32_1.0.0.201904181610/tools/bin/../lib/gcc/arm-none-eabi/7.3.1/../../../../arm-none-eabi/lib/thumb/v7e-m/fpv4-sp/hard\libc_nano.a(lib_a-nano-msizer.o)
 .ARM.attributes
                0x0000000000000537       0x34 c:/st/stm32cubeide_1.0.2/stm32cubeide/plugins/com.st.stm32cube.ide.mcu.externaltools.gnu-tools-for-stm32.7-2018-q2-update.win32_1.0.0.201904181610/tools/bin/../lib/gcc/arm-none-eabi/7.3.1/../../../../arm-none-eabi/lib/thumb/v7e-m/fpv4-sp/hard\libc_nano.a(lib_a-reent.o)
 .ARM.attributes
                0x000000000000056b       0x22 c:/st/stm32cubeide_1.0.2/stm32cubeide/plugins/com.st.stm32cube.ide.mcu.externaltools.gnu-tools-for-stm32.7-2018-q2-update.win32_1.0.0.201904181610/tools/bin/../lib/gcc/arm-none-eabi/7.3.1/thumb/v7e-m/fpv4-sp/hard/crtn.o
OUTPUT(FinalProjectNavin.elf elf32-littlearm)

.debug_info     0x0000000000000000     0x269c
 .debug_info    0x0000000000000000      0x13c Src/delay.o
 .debug_info    0x000000000000013c      0x18c Src/keypad.o
 .debug_info    0x00000000000002c8      0xa3a Src/lcd.o
 .debug_info    0x0000000000000d02       0x85 Src/main.o
 .debug_info    0x0000000000000d87      0x104 Src/rotary.o
 .debug_info    0x0000000000000e8b      0x91c Src/sysmem.o
 .debug_info    0x00000000000017a7      0x21e Src/timer.o
 .debug_info    0x00000000000019c5      0xcb5 Src/tuner.o
 .debug_info    0x000000000000267a       0x22 Startup/startup_stm32f446retx.o

.debug_abbrev   0x0000000000000000      0x92c
 .debug_abbrev  0x0000000000000000       0x8a Src/delay.o
 .debug_abbrev  0x000000000000008a       0xb3 Src/keypad.o
 .debug_abbrev  0x000000000000013d      0x1ff Src/lcd.o
 .debug_abbrev  0x000000000000033c       0x47 Src/main.o
 .debug_abbrev  0x0000000000000383       0x91 Src/rotary.o
 .debug_abbrev  0x0000000000000414      0x1bb Src/sysmem.o
 .debug_abbrev  0x00000000000005cf       0xfb Src/timer.o
 .debug_abbrev  0x00000000000006ca      0x250 Src/tuner.o
 .debug_abbrev  0x000000000000091a       0x12 Startup/startup_stm32f446retx.o

.debug_aranges  0x0000000000000000      0x218
 .debug_aranges
                0x0000000000000000       0x30 Src/delay.o
 .debug_aranges
                0x0000000000000030       0x40 Src/keypad.o
 .debug_aranges
                0x0000000000000070       0x68 Src/lcd.o
 .debug_aranges
                0x00000000000000d8       0x20 Src/main.o
 .debug_aranges
                0x00000000000000f8       0x40 Src/rotary.o
 .debug_aranges
                0x0000000000000138       0x20 Src/sysmem.o
 .debug_aranges
                0x0000000000000158       0x48 Src/timer.o
 .debug_aranges
                0x00000000000001a0       0x50 Src/tuner.o
 .debug_aranges
                0x00000000000001f0       0x28 Startup/startup_stm32f446retx.o

.debug_ranges   0x0000000000000000      0x190
 .debug_ranges  0x0000000000000000       0x20 Src/delay.o
 .debug_ranges  0x0000000000000020       0x30 Src/keypad.o
 .debug_ranges  0x0000000000000050       0x58 Src/lcd.o
 .debug_ranges  0x00000000000000a8       0x10 Src/main.o
 .debug_ranges  0x00000000000000b8       0x30 Src/rotary.o
 .debug_ranges  0x00000000000000e8       0x10 Src/sysmem.o
 .debug_ranges  0x00000000000000f8       0x38 Src/timer.o
 .debug_ranges  0x0000000000000130       0x40 Src/tuner.o
 .debug_ranges  0x0000000000000170       0x20 Startup/startup_stm32f446retx.o

.debug_macro    0x0000000000000000     0x2cf9
 .debug_macro   0x0000000000000000       0xb8 Src/delay.o
 .debug_macro   0x00000000000000b8      0xa60 Src/delay.o
 .debug_macro   0x0000000000000b18       0x22 Src/delay.o
 .debug_macro   0x0000000000000b3a       0x40 Src/delay.o
 .debug_macro   0x0000000000000b7a       0x18 Src/delay.o
 .debug_macro   0x0000000000000b92       0x94 Src/delay.o
 .debug_macro   0x0000000000000c26       0x3c Src/delay.o
 .debug_macro   0x0000000000000c62       0xef Src/delay.o
 .debug_macro   0x0000000000000d51       0x3a Src/delay.o
 .debug_macro   0x0000000000000d8b       0x57 Src/delay.o
 .debug_macro   0x0000000000000de2       0x6a Src/delay.o
 .debug_macro   0x0000000000000e4c      0x1df Src/delay.o
 .debug_macro   0x000000000000102b       0x82 Src/delay.o
 .debug_macro   0x00000000000010ad      0x460 Src/delay.o
 .debug_macro   0x000000000000150d       0x34 Src/delay.o
 .debug_macro   0x0000000000001541       0xc7 Src/keypad.o
 .debug_macro   0x0000000000001608       0x2e Src/keypad.o
 .debug_macro   0x0000000000001636      0x1ec Src/lcd.o
 .debug_macro   0x0000000000001822       0x1c Src/lcd.o
 .debug_macro   0x000000000000183e       0x97 Src/lcd.o
 .debug_macro   0x00000000000018d5      0x330 Src/lcd.o
 .debug_macro   0x0000000000001c05       0x8d Src/lcd.o
 .debug_macro   0x0000000000001c92       0x10 Src/lcd.o
 .debug_macro   0x0000000000001ca2       0x52 Src/lcd.o
 .debug_macro   0x0000000000001cf4       0x1f Src/lcd.o
 .debug_macro   0x0000000000001d13       0x43 Src/lcd.o
 .debug_macro   0x0000000000001d56       0x20 Src/lcd.o
 .debug_macro   0x0000000000001d76      0x1a3 Src/lcd.o
 .debug_macro   0x0000000000001f19       0x10 Src/lcd.o
 .debug_macro   0x0000000000001f29       0x1c Src/lcd.o
 .debug_macro   0x0000000000001f45       0x52 Src/lcd.o
 .debug_macro   0x0000000000001f97       0x40 Src/lcd.o
 .debug_macro   0x0000000000001fd7       0x10 Src/lcd.o
 .debug_macro   0x0000000000001fe7       0x40 Src/lcd.o
 .debug_macro   0x0000000000002027       0xd7 Src/lcd.o
 .debug_macro   0x00000000000020fe       0x1c Src/lcd.o
 .debug_macro   0x000000000000211a       0x3d Src/lcd.o
 .debug_macro   0x0000000000002157       0x16 Src/lcd.o
 .debug_macro   0x000000000000216d      0x145 Src/lcd.o
 .debug_macro   0x00000000000022b2       0x76 Src/lcd.o
 .debug_macro   0x0000000000002328       0xb9 Src/main.o
 .debug_macro   0x00000000000023e1       0xd1 Src/rotary.o
 .debug_macro   0x00000000000024b2       0x76 Src/rotary.o
 .debug_macro   0x0000000000002528      0x1ae Src/sysmem.o
 .debug_macro   0x00000000000026d6      0x23b Src/sysmem.o
 .debug_macro   0x0000000000002911       0x16 Src/sysmem.o
 .debug_macro   0x0000000000002927       0xc7 Src/timer.o
 .debug_macro   0x00000000000029ee       0x22 Src/timer.o
 .debug_macro   0x0000000000002a10      0x211 Src/tuner.o
 .debug_macro   0x0000000000002c21       0x28 Src/tuner.o
 .debug_macro   0x0000000000002c49       0x34 Src/tuner.o
 .debug_macro   0x0000000000002c7d       0x7c Src/tuner.o

.debug_line     0x0000000000000000     0x2cbe
 .debug_line    0x0000000000000000      0x4dc Src/delay.o
 .debug_line    0x00000000000004dc      0x548 Src/keypad.o
 .debug_line    0x0000000000000a24      0x664 Src/lcd.o
 .debug_line    0x0000000000001088      0x4a5 Src/main.o
 .debug_line    0x000000000000152d      0x510 Src/rotary.o
 .debug_line    0x0000000000001a3d      0x559 Src/sysmem.o
 .debug_line    0x0000000000001f96      0x519 Src/timer.o
 .debug_line    0x00000000000024af      0x78b Src/tuner.o
 .debug_line    0x0000000000002c3a       0x84 Startup/startup_stm32f446retx.o

.debug_str      0x0000000000000000     0x9bc4
 .debug_str     0x0000000000000000     0x4f55 Src/delay.o
                                       0x50ea (size before relaxing)
 .debug_str     0x0000000000004f55      0x186 Src/keypad.o
                                       0x5246 (size before relaxing)
 .debug_str     0x00000000000050db     0x41a1 Src/lcd.o
                                       0x943e (size before relaxing)
 .debug_str     0x000000000000927c       0x1d Src/main.o
                                       0x500f (size before relaxing)
 .debug_str     0x0000000000009299      0x25c Src/rotary.o
                                       0x5437 (size before relaxing)
 .debug_str     0x00000000000094f5      0x4b9 Src/sysmem.o
                                       0x7af7 (size before relaxing)
 .debug_str     0x00000000000099ae      0x127 Src/timer.o
                                       0x520b (size before relaxing)
 .debug_str     0x0000000000009ad5       0xbe Src/tuner.o
                                       0x96d5 (size before relaxing)
 .debug_str     0x0000000000009b93       0x31 Startup/startup_stm32f446retx.o
                                         0x76 (size before relaxing)

.comment        0x0000000000000000       0x7b
 .comment       0x0000000000000000       0x7b Src/delay.o
                                         0x7c (size before relaxing)
 .comment       0x000000000000007b       0x7c Src/keypad.o
 .comment       0x000000000000007b       0x7c Src/lcd.o
 .comment       0x000000000000007b       0x7c Src/main.o
 .comment       0x000000000000007b       0x7c Src/rotary.o
 .comment       0x000000000000007b       0x7c Src/sysmem.o
 .comment       0x000000000000007b       0x7c Src/timer.o
 .comment       0x000000000000007b       0x7c Src/tuner.o

.debug_frame    0x0000000000000000      0x908
 .debug_frame   0x0000000000000000       0x88 Src/delay.o
 .debug_frame   0x0000000000000088       0xcc Src/keypad.o
 .debug_frame   0x0000000000000154      0x15c Src/lcd.o
 .debug_frame   0x00000000000002b0       0x2c Src/main.o
 .debug_frame   0x00000000000002dc       0xb0 Src/rotary.o
 .debug_frame   0x000000000000038c       0x34 Src/sysmem.o
 .debug_frame   0x00000000000003c0       0xe0 Src/timer.o
 .debug_frame   0x00000000000004a0       0xf8 Src/tuner.o
 .debug_frame   0x0000000000000598       0x20 c:/st/stm32cubeide_1.0.2/stm32cubeide/plugins/com.st.stm32cube.ide.mcu.externaltools.gnu-tools-for-stm32.7-2018-q2-update.win32_1.0.0.201904181610/tools/bin/../lib/gcc/arm-none-eabi/7.3.1/../../../../arm-none-eabi/lib/thumb/v7e-m/fpv4-sp/hard\libc_nano.a(lib_a-errno.o)
 .debug_frame   0x00000000000005b8       0x2c c:/st/stm32cubeide_1.0.2/stm32cubeide/plugins/com.st.stm32cube.ide.mcu.externaltools.gnu-tools-for-stm32.7-2018-q2-update.win32_1.0.0.201904181610/tools/bin/../lib/gcc/arm-none-eabi/7.3.1/../../../../arm-none-eabi/lib/thumb/v7e-m/fpv4-sp/hard\libc_nano.a(lib_a-init.o)
 .debug_frame   0x00000000000005e4       0x6c c:/st/stm32cubeide_1.0.2/stm32cubeide/plugins/com.st.stm32cube.ide.mcu.externaltools.gnu-tools-for-stm32.7-2018-q2-update.win32_1.0.0.201904181610/tools/bin/../lib/gcc/arm-none-eabi/7.3.1/../../../../arm-none-eabi/lib/thumb/v7e-m/fpv4-sp/hard\libc_nano.a(lib_a-sprintf.o)
 .debug_frame   0x0000000000000650       0x90 c:/st/stm32cubeide_1.0.2/stm32cubeide/plugins/com.st.stm32cube.ide.mcu.externaltools.gnu-tools-for-stm32.7-2018-q2-update.win32_1.0.0.201904181610/tools/bin/../lib/gcc/arm-none-eabi/7.3.1/../../../../arm-none-eabi/lib/thumb/v7e-m/fpv4-sp/hard\libc_nano.a(lib_a-nano-svfprintf.o)
 .debug_frame   0x00000000000006e0       0x60 c:/st/stm32cubeide_1.0.2/stm32cubeide/plugins/com.st.stm32cube.ide.mcu.externaltools.gnu-tools-for-stm32.7-2018-q2-update.win32_1.0.0.201904181610/tools/bin/../lib/gcc/arm-none-eabi/7.3.1/../../../../arm-none-eabi/lib/thumb/v7e-m/fpv4-sp/hard\libc_nano.a(lib_a-nano-vfprintf_i.o)
 .debug_frame   0x0000000000000740       0x28 c:/st/stm32cubeide_1.0.2/stm32cubeide/plugins/com.st.stm32cube.ide.mcu.externaltools.gnu-tools-for-stm32.7-2018-q2-update.win32_1.0.0.201904181610/tools/bin/../lib/gcc/arm-none-eabi/7.3.1/../../../../arm-none-eabi/lib/thumb/v7e-m/fpv4-sp/hard\libc_nano.a(lib_a-memcpy-stub.o)
 .debug_frame   0x0000000000000768       0x28 c:/st/stm32cubeide_1.0.2/stm32cubeide/plugins/com.st.stm32cube.ide.mcu.externaltools.gnu-tools-for-stm32.7-2018-q2-update.win32_1.0.0.201904181610/tools/bin/../lib/gcc/arm-none-eabi/7.3.1/../../../../arm-none-eabi/lib/thumb/v7e-m/fpv4-sp/hard\libc_nano.a(lib_a-memmove.o)
 .debug_frame   0x0000000000000790       0x38 c:/st/stm32cubeide_1.0.2/stm32cubeide/plugins/com.st.stm32cube.ide.mcu.externaltools.gnu-tools-for-stm32.7-2018-q2-update.win32_1.0.0.201904181610/tools/bin/../lib/gcc/arm-none-eabi/7.3.1/../../../../arm-none-eabi/lib/thumb/v7e-m/fpv4-sp/hard\libc_nano.a(lib_a-nano-freer.o)
 .debug_frame   0x00000000000007c8       0x2c c:/st/stm32cubeide_1.0.2/stm32cubeide/plugins/com.st.stm32cube.ide.mcu.externaltools.gnu-tools-for-stm32.7-2018-q2-update.win32_1.0.0.201904181610/tools/bin/../lib/gcc/arm-none-eabi/7.3.1/../../../../arm-none-eabi/lib/thumb/v7e-m/fpv4-sp/hard\libc_nano.a(lib_a-nano-mallocr.o)
 .debug_frame   0x00000000000007f4       0x3c c:/st/stm32cubeide_1.0.2/stm32cubeide/plugins/com.st.stm32cube.ide.mcu.externaltools.gnu-tools-for-stm32.7-2018-q2-update.win32_1.0.0.201904181610/tools/bin/../lib/gcc/arm-none-eabi/7.3.1/../../../../arm-none-eabi/lib/thumb/v7e-m/fpv4-sp/hard\libc_nano.a(lib_a-nano-reallocr.o)
 .debug_frame   0x0000000000000830       0x2c c:/st/stm32cubeide_1.0.2/stm32cubeide/plugins/com.st.stm32cube.ide.mcu.externaltools.gnu-tools-for-stm32.7-2018-q2-update.win32_1.0.0.201904181610/tools/bin/../lib/gcc/arm-none-eabi/7.3.1/../../../../arm-none-eabi/lib/thumb/v7e-m/fpv4-sp/hard\libc_nano.a(lib_a-sbrkr.o)
 .debug_frame   0x000000000000085c       0x30 c:/st/stm32cubeide_1.0.2/stm32cubeide/plugins/com.st.stm32cube.ide.mcu.externaltools.gnu-tools-for-stm32.7-2018-q2-update.win32_1.0.0.201904181610/tools/bin/../lib/gcc/arm-none-eabi/7.3.1/../../../../arm-none-eabi/lib/thumb/v7e-m/fpv4-sp/hard\libc_nano.a(lib_a-mlock.o)
 .debug_frame   0x000000000000088c       0x20 c:/st/stm32cubeide_1.0.2/stm32cubeide/plugins/com.st.stm32cube.ide.mcu.externaltools.gnu-tools-for-stm32.7-2018-q2-update.win32_1.0.0.201904181610/tools/bin/../lib/gcc/arm-none-eabi/7.3.1/../../../../arm-none-eabi/lib/thumb/v7e-m/fpv4-sp/hard\libc_nano.a(lib_a-nano-msizer.o)
 .debug_frame   0x00000000000008ac       0x5c c:/st/stm32cubeide_1.0.2/stm32cubeide/plugins/com.st.stm32cube.ide.mcu.externaltools.gnu-tools-for-stm32.7-2018-q2-update.win32_1.0.0.201904181610/tools/bin/../lib/gcc/arm-none-eabi/7.3.1/../../../../arm-none-eabi/lib/thumb/v7e-m/fpv4-sp/hard\libc_nano.a(lib_a-reent.o)
